// Jest Snapshot v1, https://goo.gl/fbAQLP

exports[`Project component should render correctly 1`] = `
<div>
  <figure
    className="project__figure"
  >
    <a
      className="project__link"
      href="/projects/project-title"
    >
      <figcaption
        className="project__caption"
      >
        <h2>
          Project Title
        </h2>
      </figcaption>
    </a>
  </figure>
</div>
`;
