// Jest Snapshot v1, https://goo.gl/fbAQLP

exports[`Projects component should render correctly 1`] = `
<ol
  className="projects"
>
  <li>
    <div
      id="6c5a5baa-8c8b-5580-8061-b1cad23712cc"
    >
      <figure
        className="project__figure"
      >
        <a
          className="project__link"
          href="/projects/demo-project"
        >
          <figcaption
            className="project__caption"
          >
            <h2>
              Demo Project
            </h2>
          </figcaption>
        </a>
      </figure>
    </div>
  </li>
</ol>
`;

exports[`Projects component should render empty projects correctly 1`] = `
<ol
  className="projects"
/>
`;
