// Jest Snapshot v1, https://goo.gl/fbAQLP

exports[`Projects component should render correctly 1`] = `
<ol
  className="projects"
>
  <li>
    <div
      id="123"
    >
      <figure
        className="project__figure"
      >
        <a
          className="project__link"
          href="/projects/undefined"
        >
          <figcaption
            className="project__caption"
          >
            <h2 />
          </figcaption>
        </a>
      </figure>
    </div>
  </li>
</ol>
`;

exports[`Projects component should render empty projects correctly 1`] = `
<ol
  className="projects"
/>
`;
