// Jest Snapshot v1, https://goo.gl/fbAQLP

exports[`Layout component should render correctly 1`] = `
<DocumentFragment>
  <div
    class="layout"
  >
    <header
      class="header"
    >
      <a
        href="/"
        style="text-decoration: none;"
      >
        marcobiedermann
      </a>
      <nav
        class="navigation"
      >
        <ul
          class="navigation__list navigation__listInline"
        >
          <li>
            <a
              class="navigation__link"
              href="/path/to/page"
              id="b6c3ceb6-d89f-4a03-9e96-77768f278909"
            >
              Page name
            </a>
          </li>
        </ul>
      </nav>
    </header>
    <main
      class="main"
    />
    <footer
      class="footer"
    >
      <div
        class="grid alignment alignmentJustifySpaceBetween"
      >
        <p>
          Handcrafted with love in Germany
        </p>
        <nav
          class="navigation"
        >
          <ul
            class="navigation__list navigation__listInline"
          >
            <li>
              <a
                class="navigation__link"
                href="/path/to/page"
                id="b6c3ceb6-d89f-4a03-9e96-77768f278909"
              >
                Page name
              </a>
            </li>
          </ul>
        </nav>
      </div>
    </footer>
  </div>
</DocumentFragment>
`;
