// Jest Snapshot v1, https://goo.gl/fbAQLP

exports[`Layout component should render correctly 1`] = `
<DocumentFragment>
  <div
    class=""
  >
    <header
      class=""
    >
      <a
        href="/"
        style="text-decoration: none;"
      >
        marcobiedermann
      </a>
      <nav
        class=""
      >
        <ul
          class="undefined"
        >
          <li>
            <a
              href="/about"
            >
              About
            </a>
          </li>
          <li>
            <a
              href="/blog"
            >
              Blog
            </a>
          </li>
          <li>
            <a
              href="/projects"
            >
              Projects
            </a>
          </li>
          <li>
            <a
              href="/contact"
            >
              Contact
            </a>
          </li>
        </ul>
      </nav>
    </header>
    <main
      class=""
    />
    <footer
      class=""
    >
      <div
        class="undefined"
      >
        <p>
          Handcrafted with ❤️ in Germany
        </p>
        <nav
          class=""
        >
          <ul
            class="undefined"
          >
            <li>
              <a
                href="/status"
              >
                Status
              </a>
            </li>
            <li>
              <a
                href="/imprint"
              >
                Imprint
              </a>
            </li>
            <li>
              <a
                href="/privacy-policy"
              >
                Privacy Policy
              </a>
            </li>
          </ul>
        </nav>
      </div>
    </footer>
  </div>
</DocumentFragment>
`;
