// Jest Snapshot v1, https://goo.gl/fbAQLP

exports[`Layout component should render correctly 1`] = `
<DocumentFragment>
  <div
    class="layout"
  >
    <header
      class="header"
    >
      <a
        href="/"
        style="text-decoration: none;"
      >
        marcobiedermann
      </a>
      <nav
        class="navigation"
      >
        <ul
          class="navigation__list navigation__listInline"
        >
          <li>
            <a
              class="navigation__link"
              href="/about"
            >
              About
            </a>
          </li>
          <li>
            <a
              class="navigation__link"
              href="/blog"
            >
              Blog
            </a>
          </li>
          <li>
            <a
              class="navigation__link"
              href="/projects"
            >
              Projects
            </a>
          </li>
          <li>
            <a
              class="navigation__link"
              href="/contact"
            >
              Contact
            </a>
          </li>
        </ul>
      </nav>
    </header>
    <main
      class="main"
    />
    <footer
      class="footer"
    >
      <div
        class="grid alignment alignmentJustifySpaceBetween"
      >
        <p>
          Handcrafted with love in Germany
        </p>
        <nav
          class="navigation"
        >
          <ul
            class="navigation__list navigation__listInline"
          >
            <li>
              <a
                class="navigation__link"
                href="/status"
              >
                Status
              </a>
            </li>
            <li>
              <a
                class="navigation__link"
                href="/imprint"
              >
                Imprint
              </a>
            </li>
            <li>
              <a
                class="navigation__link"
                href="/privacy-policy"
              >
                Privacy Policy
              </a>
            </li>
          </ul>
        </nav>
      </div>
    </footer>
  </div>
</DocumentFragment>
`;
