// Jest Snapshot v1, https://goo.gl/fbAQLP

exports[`Share component should render correctly 1`] = `
<ul
  className="share"
>
  <li>
    <button
      aria-label="facebook"
      className="react-share__ShareButton"
      onClick={[Function]}
      style={
        Object {
          "backgroundColor": "transparent",
          "border": "none",
          "color": "inherit",
          "cursor": "pointer",
          "font": "inherit",
          "padding": 0,
        }
      }
    >
      <img
        alt="Facebook"
        height="32"
        src="test-file-stub"
        width="32"
      />
    </button>
  </li>
  <li>
    <button
      aria-label="twitter"
      className="react-share__ShareButton"
      onClick={[Function]}
      style={
        Object {
          "backgroundColor": "transparent",
          "border": "none",
          "color": "inherit",
          "cursor": "pointer",
          "font": "inherit",
          "padding": 0,
        }
      }
      via="twitter"
    >
      <img
        alt="Twitter"
        height="32"
        src="test-file-stub"
        width="32"
      />
    </button>
  </li>
</ul>
`;
