// Jest Snapshot v1, https://goo.gl/fbAQLP

exports[`Project component should render correctly 1`] = `
<DocumentFragment>
  <div
    id="6c5a5baa-8c8b-5580-8061-b1cad23712cc"
  >
    <figure>
      <a
        href="/projects/demo-project"
      >
        <figcaption>
          <div>
            <h3>
              Demo Project
            </h3>
          </div>
        </figcaption>
      </a>
    </figure>
  </div>
</DocumentFragment>
`;
