// Jest Snapshot v1, https://goo.gl/fbAQLP

exports[`Layout component should render correctly 1`] = `
<div
  className="layout"
>
  <header
    className="header"
  >
    <a
      href="/"
      style={
        Object {
          "textDecoration": "none",
        }
      }
    >
      marcobiedermann
    </a>
    <nav
      className="navigation"
    >
      <ul
        className="navigation__list navigation__listInline"
      >
        <li>
          <a
            className="navigation__link"
            href="/path/to/page"
            id="b6c3ceb6-d89f-4a03-9e96-77768f278909"
          >
            Page name
          </a>
        </li>
      </ul>
    </nav>
  </header>
  <main
    className="main"
  />
  <footer
    className="footer"
  >
    <div
      className="grid alignment alignmentJustifySpaceBetween"
    >
      <p>
        Handcrafted with love in Germany
      </p>
      <nav
        className="navigation"
      >
        <ul
          className="navigation__list navigation__listInline"
        >
          <li>
            <a
              className="navigation__link"
              href="/path/to/page"
              id="b6c3ceb6-d89f-4a03-9e96-77768f278909"
            >
              Page name
            </a>
          </li>
        </ul>
      </nav>
    </div>
  </footer>
</div>
`;
