// Jest Snapshot v1, https://goo.gl/fbAQLP

exports[`Layout component should render correctly 1`] = `
<div
  className="layout"
>
  <header
    className="header"
  >
    <div
      className="grid"
    >
      <nav
        className="navigation"
      >
        <ul
          className="navigation__list"
        >
          <li>
            <a
              className="navigation__link"
              href="/path/to/page"
            >
              Page name
            </a>
          </li>
        </ul>
      </nav>
    </div>
  </header>
  <main
    className="main"
  />
  <footer
    className="footer"
  >
    <div
      className="grid"
    >
      <p>
        Handcrafted with love in Germany
      </p>
      <p>
        Happy 
        Saturday
      </p>
      <nav
        className="navigation"
      >
        <ul
          className="navigation__list"
        >
          <li>
            <a
              className="navigation__link"
              href="/path/to/page"
            >
              Page name
            </a>
          </li>
        </ul>
      </nav>
    </div>
  </footer>
</div>
`;
