// Jest Snapshot v1, https://goo.gl/fbAQLP

exports[`Pagination component should render correctly 1`] = `
<ul
  className="pagination"
/>
`;

exports[`Pagination component should render routes correctly 1`] = `
<ul
  className="pagination"
>
  <li>
    <a
      className="pagination__link"
      href="/previous"
    >
      Previous
    </a>
  </li>
  <li>
    <a
      className="pagination__link"
      href="/next"
    >
      Next
    </a>
  </li>
</ul>
`;
