// Jest Snapshot v1, https://goo.gl/fbAQLP

exports[`Logos component should render correctly 1`] = `
<ul
  className="logos"
>
  <li>
    <a
      href="/projects/undefined"
    >
      <img
        alt="Logo Title"
        src="https://via.placeholder.com/150x50"
      />
    </a>
  </li>
</ul>
`;
